// Jest Snapshot v1, https://goo.gl/fbAQLP

exports[`FloatSubMenu pattern should render correctly 1`] = `
.c0 {
  position: relative;
  display: -webkit-box;
  display: -webkit-flex;
  display: -ms-flexbox;
  display: flex;
  place-content: center;
  height: 100%;
}

.c1 {
  position: relative;
  height: 100%;
  border: none;
}

.c2 {
  position: absolute;
  bottom: 0;
  left: 50%;
  background-color: #E4E5E3;
  border: 0.1rem solid #C9CAC8;
  border-radius: 0.4rem;
  box-shadow: 0px 3px 6px 1px #E4E5E3;
  -webkit-transform: translate( -20%, calc(100% + 0.8rem) );
  -ms-transform: translate( -20%, calc(100% + 0.8rem) );
  transform: translate( -20%, calc(100% + 0.8rem) );
  visibility: hidden;
}

.c2:before {
  content: '';
  position: absolute;
  top: 0;
  left: calc(px / 3);
  width: 0;
  height: 0;
  border: 0.1rem solid #C9CAC8;
  border-width: 0.8rem;
  border-color: transparent;
  border-bottom-color: #E4E5E3;
  -webkit-transform: translateY(-100%);
  -ms-transform: translateY(-100%);
  transform: translateY(-100%);
}

<div
  class="c0"
  data-testid="float-container"
>
  <button
    class="c1"
    data-testid="action-button"
  >
    <span>
      Controller
    </span>
  </button>
  <nav
    class="c2"
    data-testid="nav-wrapper"
  >
    <p>
      Menu item 1
    </p>
    <p>
      Menu item 2
    </p>
    <p>
      Menu item 3
    </p>
  </nav>
</div>
`;
