// Jest Snapshot v1, https://goo.gl/fbAQLP

exports[`Modal pattern should render correctly 1`] = `
.c3 {
  position: relative;
  display: -webkit-box;
  display: -webkit-flex;
  display: -ms-flexbox;
  display: flex;
  -webkit-align-items: center;
  -webkit-box-align: center;
  -ms-flex-align: center;
  align-items: center;
  -webkit-box-pack: center;
  -webkit-justify-content: center;
  -ms-flex-pack: center;
  justify-content: center;
  width: auto;
  height: 3.6rem;
  border: 0.1rem solid #C9CAC8;
  border-radius: 0.4rem;
  margin: 0;
  padding: 0 0.8rem;
  gap: 1.2rem;
  text-transform: none;
  -webkit-transition: background-color 0.2s, color 0.2s;
  transition: background-color 0.2s, color 0.2s;
  cursor: pointer;
  color: #181917;
  background-color: transparent;
  border-color: transparent;
}

.c3:hover {
  background-color: #82ADB2;
}

.c3 svg {
  color: inherit;
}

.c3:hover {
  -webkit-text-decoration: underline;
  text-decoration: underline;
  color: #181917;
  background-color: transparent;
}

.c3 .spin {
  -webkit-animation-name: ieAXeN;
  animation-name: ieAXeN;
  -webkit-animation-duration: 2s;
  animation-duration: 2s;
  -webkit-animation-iteration-count: infinite;
  animation-iteration-count: infinite;
  -webkit-animation-timing-function: linear;
  animation-timing-function: linear;
}

.c0 {
  position: absolute;
  top: 0;
  bottom: 0;
  right: 0;
  left: 0;
  display: -webkit-box;
  display: -webkit-flex;
  display: -ms-flexbox;
  display: flex;
  -webkit-align-items: center;
  -webkit-box-align: center;
  -ms-flex-align: center;
  align-items: center;
  -webkit-box-pack: center;
  -webkit-justify-content: center;
  -ms-flex-pack: center;
  justify-content: center;
  width: 100vw;
  height: 100vh;
  overflow: hidden;
  background-color: rgba(0,0,0,0.6);
  -webkit-transition: all 0.2s;
  transition: all 0.2s;
  opacity: 0;
  visibility: hidden;
}

.c1 {
  position: relative;
  display: grid;
  grid-template-rows: 3.6rem auto;
  min-width: 8.0rem;
  min-height: 8.0rem;
  background-color: #FDFDFD;
  border-radius: 0.4rem;
}

.c2 {
  display: -webkit-box;
  display: -webkit-flex;
  display: -ms-flexbox;
  display: flex;
  -webkit-align-items: center;
  -webkit-box-align: center;
  -ms-flex-align: center;
  align-items: center;
  -webkit-box-pack: end;
  -webkit-justify-content: flex-end;
  -ms-flex-pack: end;
  justify-content: flex-end;
}

.c4 {
  padding: 0.8rem;
}

<div
  class="c0"
  data-testid="modal-container"
>
  <main
    class="c1"
  >
    <header
      class="c2"
    >
      <button
        class="c3"
        data-testid="close-button"
      >
        <svg
          fill="currentColor"
          height="1em"
          viewBox="0 0 256 256"
          width="1em"
          xmlns="http://www.w3.org/2000/svg"
        >
          <rect
            fill="none"
            height="256"
            width="256"
          />
          <line
            stroke="currentColor"
            stroke-linecap="round"
            stroke-linejoin="round"
            stroke-width="16"
            x1="200"
            x2="56"
            y1="56"
            y2="200"
          />
          <line
            stroke="currentColor"
            stroke-linecap="round"
            stroke-linejoin="round"
            stroke-width="16"
            x1="200"
            x2="56"
            y1="200"
            y2="56"
          />
        </svg>
      </button>
    </header>
    <section
      class="c4"
      data-testid="modal-content"
    />
  </main>
</div>
`;
