// Jest Snapshot v1, https://goo.gl/fbAQLP

exports[`Login page should render correctly 1`] = `
.c1 {
  position: relative;
  padding: 0;
  margin: 0;
  font-size: 4.8rem;
  font-weight: 500;
  font-family: 'Montserrat',sans-serif;
  line-height: 8.0rem;
  color: #181917;
  box-sizing: border-box;
}

.c0 {
  grid-area: Content;
  display: -webkit-box;
  display: -webkit-flex;
  display: -ms-flexbox;
  display: flex;
  -webkit-flex-direction: column;
  -ms-flex-direction: column;
  flex-direction: column;
  -webkit-align-items: center;
  -webkit-box-align: center;
  -ms-flex-align: center;
  align-items: center;
  -webkit-box-pack: center;
  -webkit-justify-content: center;
  -ms-flex-pack: center;
  justify-content: center;
  gap: 2.0rem;
}

<main
  class="c0"
>
  <strong
    class="c1"
  >
    Welcome to Teller
  </strong>
  <div
    id="buttonDiv"
  />
</main>
`;
